∑[2025-04-02T16:20:55.672459+00:00] app.INFO: ✅ Test de log réussi. [] []
[2025-04-02T16:20:57.251549+00:00] app.INFO: ✅ Test de log réussi. [] []
[2025-04-02T16:20:57.881079+00:00] app.INFO: ✅ Test de log réussi. [] []
[2025-04-02T16:20:58.242950+00:00] app.INFO: ✅ Test de log réussi. [] []
[2025-04-02T16:20:58.577848+00:00] app.INFO: ✅ Test de log réussi. [] []
[2025-04-02T16:21:04.211141+00:00] app.INFO: ✅ Test de log réussi. [] []
[2025-04-02T16:21:24.667468+00:00] app.INFO: ✅ Test de log réussi. [] []
[2025-04-02T20:01:17.548830+00:00] app.INFO: Début de récupération des catégories [] []
[2025-04-02T20:01:17.628556+00:00] app.INFO: Récupération des catégories réussie {"count":6} []
[2025-04-02T20:14:30.506775+00:00] app.INFO: Début de récupération des catégories [] []
[2025-04-02T20:14:30.581720+00:00] app.INFO: Récupération des catégories réussie {"count":6} []
[2025-04-02T21:01:35.422657+00:00] app.INFO: Début de récupération des catégories [] []
[2025-04-02T21:01:35.561060+00:00] app.INFO: Récupération des catégories réussie {"count":6} []
[2025-04-02T21:03:38.637642+00:00] app.INFO: Début de récupération des catégories [] []
[2025-04-02T21:03:38.759100+00:00] app.INFO: Récupération des catégories réussie {"count":6} []
[2025-04-02T21:08:50.003863+00:00] app.INFO: Début de récupération des catégories [] []
[2025-04-02T21:08:50.119529+00:00] app.INFO: Récupération des catégories réussie {"count":6} []
[2025-04-02T21:11:39.437118+00:00] app.INFO: Début de récupération des catégories [] []
[2025-04-02T21:11:39.855860+00:00] app.INFO: Récupération des catégories réussie {"count":6} []
[2025-04-02T21:12:00.092542+00:00] app.INFO: Début de récupération des catégories [] []
[2025-04-02T21:12:00.204120+00:00] app.INFO: Récupération des catégories réussie {"count":6} []
[2025-04-02T21:16:50.349322+00:00] app.ERROR: Erreur lors de la récupération des leçons disponibles {"exception":"[object] (PDOException(code: 42803): SQLSTATE[42803]: Grouping error: 7 ERROR:  aggregate functions are not allowed in WHERE\nLINE 28:             (l.max_attendees > COUNT(a.attend_user_id) OR a....\n                                        ^ at /home/main/Documents/dev/learningShareS2/app/Models/CoursModel.php:176)"} []
[2025-04-02T21:16:50.349852+00:00] app.INFO: Début de récupération des catégories [] []
[2025-04-02T21:16:50.455722+00:00] app.INFO: Récupération des catégories réussie {"count":6} []
[2025-04-02T21:18:30.965577+00:00] app.ERROR: Erreur lors de la récupération des leçons disponibles {"exception":"[object] (PDOException(code: 42803): SQLSTATE[42803]: Grouping error: 7 ERROR:  aggregate functions are not allowed in WHERE\nLINE 28:             (l.max_attendees > COUNT(a.attend_user_id) OR a....\n                                        ^ at /home/main/Documents/dev/learningShareS2/app/Models/CoursModel.php:176)"} []
[2025-04-02T21:18:30.966075+00:00] app.INFO: Début de récupération des catégories [] []
[2025-04-02T21:18:31.075518+00:00] app.INFO: Récupération des catégories réussie {"count":6} []
[2025-04-02T21:23:58.103136+00:00] app.INFO: Récupération de tous les partages {"partages_count":4} []
[2025-04-02T21:23:58.153145+00:00] app.INFO: Début de récupération des catégories [] []
[2025-04-02T21:23:58.295704+00:00] app.INFO: Récupération des catégories réussie {"count":6} []
[2025-04-02T21:24:06.252879+00:00] app.ERROR: Erreur lors de la récupération des leçons disponibles {"exception":"[object] (PDOException(code: 42803): SQLSTATE[42803]: Grouping error: 7 ERROR:  aggregate functions are not allowed in WHERE\nLINE 28:             (l.max_attendees > COUNT(a.attend_user_id) OR a....\n                                        ^ at /home/main/Documents/dev/learningShareS2/app/Models/CoursModel.php:176)"} []
[2025-04-02T21:24:06.253352+00:00] app.INFO: Début de récupération des catégories [] []
[2025-04-02T21:24:06.369519+00:00] app.INFO: Récupération des catégories réussie {"count":6} []
[2025-04-02T21:25:29.751376+00:00] app.ERROR: Erreur lors de la récupération des leçons disponibles {"exception":"[object] (PDOException(code: 42803): SQLSTATE[42803]: Grouping error: 7 ERROR:  aggregate functions are not allowed in WHERE\nLINE 28:             (l.max_attendees > COUNT(a.attend_user_id) OR a....\n                                        ^ at /home/main/Documents/dev/learningShareS2/app/Models/CoursModel.php:176)"} []
[2025-04-02T21:25:29.751755+00:00] app.INFO: Début de récupération des catégories [] []
[2025-04-02T21:25:29.861888+00:00] app.INFO: Récupération des catégories réussie {"count":6} []
[2025-04-02T21:25:52.236210+00:00] app.INFO: Récupération de tous les partages {"partages_count":4} []
[2025-04-02T21:25:52.303016+00:00] app.INFO: Début de récupération des catégories [] []
[2025-04-02T21:25:52.426012+00:00] app.INFO: Récupération des catégories réussie {"count":6} []
[2025-04-02T21:25:55.522212+00:00] app.ERROR: Erreur lors de la récupération des leçons disponibles {"exception":"[object] (PDOException(code: 42803): SQLSTATE[42803]: Grouping error: 7 ERROR:  aggregate functions are not allowed in WHERE\nLINE 28:             (l.max_attendees > COUNT(a.attend_user_id) OR a....\n                                        ^ at /home/main/Documents/dev/learningShareS2/app/Models/CoursModel.php:176)"} []
[2025-04-02T21:25:55.522460+00:00] app.INFO: Début de récupération des catégories [] []
[2025-04-02T21:25:55.655686+00:00] app.INFO: Récupération des catégories réussie {"count":6} []
[2025-04-02T21:25:58.569989+00:00] app.INFO: Récupération de tous les partages {"partages_count":4} []
[2025-04-02T21:25:58.621808+00:00] app.INFO: Début de récupération des catégories [] []
[2025-04-02T21:25:58.742221+00:00] app.INFO: Récupération des catégories réussie {"count":6} []
[2025-04-02T21:26:00.552421+00:00] app.ERROR: Erreur lors de la récupération des leçons disponibles {"exception":"[object] (PDOException(code: 42803): SQLSTATE[42803]: Grouping error: 7 ERROR:  aggregate functions are not allowed in WHERE\nLINE 28:             (l.max_attendees > COUNT(a.attend_user_id) OR a....\n                                        ^ at /home/main/Documents/dev/learningShareS2/app/Models/CoursModel.php:176)"} []
[2025-04-02T21:26:00.552653+00:00] app.INFO: Début de récupération des catégories [] []
[2025-04-02T21:26:00.694191+00:00] app.INFO: Récupération des catégories réussie {"count":6} []
[2025-04-02T21:26:10.292412+00:00] app.ERROR: Erreur lors de la récupération des leçons disponibles {"exception":"[object] (PDOException(code: 42803): SQLSTATE[42803]: Grouping error: 7 ERROR:  aggregate functions are not allowed in WHERE\nLINE 28:             (l.max_attendees > COUNT(a.attend_user_id) OR a....\n                                        ^ at /home/main/Documents/dev/learningShareS2/app/Models/CoursModel.php:176)"} []
[2025-04-02T21:26:10.292871+00:00] app.INFO: Début de récupération des catégories [] []
[2025-04-02T21:26:10.427132+00:00] app.INFO: Récupération des catégories réussie {"count":6} []
[2025-04-02T21:26:15.076018+00:00] app.INFO: Début de récupération des catégories [] []
[2025-04-02T21:26:15.211145+00:00] app.INFO: Récupération des catégories réussie {"count":6} []
[2025-04-02T21:28:25.349419+00:00] app.INFO: Récupération de tous les partages {"partages_count":4} []
[2025-04-02T21:28:25.429464+00:00] app.INFO: Début de récupération des catégories [] []
[2025-04-02T21:28:25.572064+00:00] app.INFO: Récupération des catégories réussie {"count":6} []
